// Jest Snapshot v1, https://goo.gl/fbAQLP

exports[`renders correctly 1`] = `
<View
  style={
    Array [
      Object {
        "borderTopLeftRadius": 10,
        "borderTopRightRadius": 10,
      },
      Object {},
    ]
  }
/>
`;
